537f9d2  2026-05-02 22:31:23  Podolska Emilija  fix: edit document.md by adding conclusion section and correcting work diary a little bit
bae79d0  2026-05-02 22:24:08  Podolska Emilija  task: update document.md and add work diary for day 2
bb4e8ba  2026-05-03 01:09:14  empo1010  task: add BusyBox deployment script
3d61ca0  2026-05-02 14:39:26  Podolska Emilija  task: fix GitLab document navigation links
4376aa1  2026-05-02 14:36:31  Podolska Emilija  fix: update document.md navigation formatting
e3c03ff  2026-05-02 14:27:57  Podolska Emilija  fix: formatted DAY 1 in document.md
1de52fb  2026-05-02 14:18:23  Podolska Emilija  task: fix task section in document.md
e697bab  2026-05-02 15:38:48  empo1010  task: add comments to the compile.sh
92bdced  2026-05-02 06:03:35  audit-bot  periodic check at 06:00
f6c13a5  2026-05-02 01:38:36  Podolska Emilija  task: update document.md (not properly formatted yet)
7513793  2026-05-02 04:26:25  empo1010  task: add BusyBox static compilation script
fcf61db  2026-05-01 14:41:12  Matas Niewulis  removed the gitignore .log that was preventing audit bot from pushing commit history :)
409e6cf  2026-05-01 14:37:29  audit-bot  periodic check at 06:00
d78b92d  2026-05-01 06:04:28  audit-bot  periodic check at 06:00
3c05f2c  2026-04-30 06:03:28  audit-bot  periodic check at 06:00
515a22f  2026-04-29 14:08:54  audit-bot  final repo list acquired, periodic_check
970b6ed  2026-04-29 09:15:47  Podolska Emilija  Edit document.md
a2d682a  2026-04-29 09:12:53  Podolska Emilija  Edit document.md
a0b9563  2026-04-29 09:11:32  Podolska Emilija  Edit document.md
abe45a7  2026-04-29 08:57:00  Podolska Emilija  Edit document.md
7578955  2026-04-29 08:53:00  Podolska Emilija  Edit document.md
cb5cf81  2026-04-29 08:51:09  Podolska Emilija  Edit document.md
5a186cd  2026-04-29 08:26:54  Podolska Emilija  Edit document.md
cbba771  2026-04-29 08:11:39  Podolska Emilija  Edit document.md
4f23350  2026-04-29 08:11:13  Podolska Emilija  Upload New File
2847eee  2026-04-29 08:10:57  Podolska Emilija  Add new directory
917b705  2026-04-29 08:59:32  empo1010  Add gitignore
920bad1  2026-04-28 14:26:03  empo1010  Initial task structure
760e6a0  2026-04-24 11:35:16  Podolska Emilija  Delete test.txt
463f10a  2026-04-15 09:10:12  empo1010  test
f02fd4f  2026-04-15 05:38:10  Podolska Emilija  Initial commit
