239e3cc  2026-05-08 19:55:15  Podolska Emilija  Added reward for teaching assistant(s) reading document.md <3
43ce672  2026-05-08 19:53:03  Podolska Emilija  Added reward for teaching assistant(s) reading document.md <3
df42143  2026-05-08 19:33:58  Podolska Emilija  task: add implementation details section into document.md
f47e330  2026-05-08 18:40:56  Podolska Emilija  fix: change some formatting/words in conclusion section
42ff851  2026-05-08 18:33:40  Podolska Emilija  task: fill out the 'conclusion and lessons learned' section in document.md
87ea75f  2026-05-08 15:40:53  Podolska Emilija  fix: center the labels of the document.md
c4e9b13  2026-05-08 15:31:51  Podolska Emilija  task: add 'note' to the document.md
140e4e7  2026-05-08 15:25:02  Podolska Emilija  task: add setup & run section
0dbb1da  2026-05-08 15:06:57  Podolska Emilija  task: add ref to sections
c85116b  2026-05-08 14:59:03  Podolska Emilija  task: added formatting for document.md
5717e8c  2026-05-08 14:55:04  Podolska Emilija  task: add about section in the document.md
1751eb2  2026-05-08 13:12:18  Podolska Emilija  task: added two sections to the document.md
2dacfd9  2026-05-08 13:10:19  Podolska Emilija  task: add work diary day 8 for document.md
bc68017  2026-05-08 15:52:59  empo1010  test: just checking task in a new vm
93010a4  2026-05-08 15:03:16  empo1010  fix: correct timestamps
1145c4f  2026-05-08 20:24:49  empo1010  fix: correct some mistakes in test.sh
8fafeb6  2026-05-08 20:20:04  empo1010  task: fix some test cases in test.sh
19b31ae  2026-05-08 20:16:23  empo1010  task: create an install_service.sh which acts as an orchestrator
a8435c8  2026-05-08 14:35:28  empo1010  fix: modified a little bit scripts
c62c16e  2026-05-08 14:17:42  empo1010  task: add some comments to test.sh
728702f  2026-05-08 14:12:11  empo1010  task: add comments to deploy.sh and sudo priveleges check
3eb807d  2026-05-08 13:59:59  empo1010  task: add sudo privilege check and some comments to compile.sh script
e71fc84  2026-05-08 06:03:11  audit-bot  periodic check at 06:00
691fb50  2026-05-07 23:41:26  Podolska Emilija  task: modify and add challenges to document.md
5fa9c24  2026-05-07 23:37:02  Podolska Emilija  task: add work diary for day 7
85e94d9  2026-05-08 02:28:18  empo1010  task: add a test for bb-ping in test.sh
705f6b6  2026-05-08 02:19:44  empo1010  task: add BusyBox httpd service deployment
e3c6e78  2026-05-07 22:14:12  Podolska Emilija  task: add work diary for day 4-6
33ebedf  2026-05-08 00:43:53  empo1010  task: add some comments to test.sh
4755b5b  2026-05-08 00:37:04  empo1010  task: add test cases for test.sh
855a20e  2026-05-07 23:40:05  empo1010  task: fully rewrited test.sh and added commands to test (work in progress)
57caea0  2026-05-07 06:03:15  audit-bot  periodic check at 06:00
a330ea2  2026-05-06 06:03:09  audit-bot  periodic check at 06:00
4853c94  2026-05-06 00:39:50  empo1010  task: add revised version of test.sh (work in progress)
949fb95  2026-05-05 06:03:52  audit-bot  periodic check at 06:00
76198cb  2026-05-05 00:44:29  empo1010  task: add revised version of test.sh (work in progress)
23b4428  2026-05-04 06:03:32  audit-bot  periodic check at 06:00
c062df6  2026-05-03 13:43:51  Podolska Emilija  fix: correct some mistakes in document.md
edf6d6e  2026-05-03 13:42:56  Podolska Emilija  task: add work diary for day 3
70585fe  2026-05-03 16:34:03  empo1010  task: add test.sh script (still in progress)
5226136  2026-05-03 06:02:36  audit-bot  periodic check at 06:00
537f9d2  2026-05-02 22:31:23  Podolska Emilija  fix: edit document.md by adding conclusion section and correcting work diary a little bit
bae79d0  2026-05-02 22:24:08  Podolska Emilija  task: update document.md and add work diary for day 2
bb4e8ba  2026-05-03 01:09:14  empo1010  task: add BusyBox deployment script
3d61ca0  2026-05-02 14:39:26  Podolska Emilija  task: fix GitLab document navigation links
4376aa1  2026-05-02 14:36:31  Podolska Emilija  fix: update document.md navigation formatting
e3c03ff  2026-05-02 14:27:57  Podolska Emilija  fix: formatted DAY 1 in document.md
1de52fb  2026-05-02 14:18:23  Podolska Emilija  task: fix task section in document.md
e697bab  2026-05-02 15:38:48  empo1010  task: add comments to the compile.sh
92bdced  2026-05-02 06:03:35  audit-bot  periodic check at 06:00
f6c13a5  2026-05-02 01:38:36  Podolska Emilija  task: update document.md (not properly formatted yet)
7513793  2026-05-02 04:26:25  empo1010  task: add BusyBox static compilation script
fcf61db  2026-05-01 14:41:12  Matas Niewulis  removed the gitignore .log that was preventing audit bot from pushing commit history :)
409e6cf  2026-05-01 14:37:29  audit-bot  periodic check at 06:00
d78b92d  2026-05-01 06:04:28  audit-bot  periodic check at 06:00
3c05f2c  2026-04-30 06:03:28  audit-bot  periodic check at 06:00
515a22f  2026-04-29 14:08:54  audit-bot  final repo list acquired, periodic_check
970b6ed  2026-04-29 09:15:47  Podolska Emilija  Edit document.md
a2d682a  2026-04-29 09:12:53  Podolska Emilija  Edit document.md
a0b9563  2026-04-29 09:11:32  Podolska Emilija  Edit document.md
abe45a7  2026-04-29 08:57:00  Podolska Emilija  Edit document.md
7578955  2026-04-29 08:53:00  Podolska Emilija  Edit document.md
cb5cf81  2026-04-29 08:51:09  Podolska Emilija  Edit document.md
5a186cd  2026-04-29 08:26:54  Podolska Emilija  Edit document.md
cbba771  2026-04-29 08:11:39  Podolska Emilija  Edit document.md
4f23350  2026-04-29 08:11:13  Podolska Emilija  Upload New File
2847eee  2026-04-29 08:10:57  Podolska Emilija  Add new directory
917b705  2026-04-29 08:59:32  empo1010  Add gitignore
920bad1  2026-04-28 14:26:03  empo1010  Initial task structure
760e6a0  2026-04-24 11:35:16  Podolska Emilija  Delete test.txt
463f10a  2026-04-15 09:10:12  empo1010  test
f02fd4f  2026-04-15 05:38:10  Podolska Emilija  Initial commit
